
> Configure project :app
WARNING: The option setting 'android.overridePathCheck=true' is experimental.
The current default is 'false'.
WARNING: We recommend using a newer Android Gradle plugin to use compileSdk = 36

This Android Gradle plugin (8.6.0) was tested up to compileSdk = 35.

You are strongly encouraged to update your project to use a newer
Android Gradle plugin that has been tested with compileSdk = 36.

If you are already using the latest version of the Android Gradle plugin,
you may need to wait until a newer version with support for compileSdk = 36 is available.

For more information refer to the compatibility table:
https://d.android.com/r/tools/api-level-support

To suppress this warning, add/update
    android.suppressUnsupportedCompileSdk=36
to this project's gradle.properties.

> Task :app:preBuild UP-TO-DATE
> Task :app:preReleaseBuild UP-TO-DATE
> Task :app:generateReleaseResValues
> Task :app:dataBindingMergeDependencyArtifactsRelease
> Task :app:generateReleaseResources
> Task :app:packageReleaseResources
> Task :app:mergeReleaseResources
> Task :app:parseReleaseLocalResources
> Task :app:javaPreCompileRelease
> Task :app:dataBindingGenBaseClassesRelease
> Task :app:mapReleaseSourceSetPaths
> Task :app:createReleaseCompatibleScreenManifests
> Task :app:checkReleaseAarMetadata
> Task :app:extractDeepLinksRelease

> Task :app:processReleaseMainManifest
package="com.finance.loanmanager" found in source AndroidManifest.xml: C:\Users\Administrator\Desktop\应用\Personal-financial-planning\app\src\main\AndroidManifest.xml.
Setting the namespace via the package attribute in the source AndroidManifest.xml is no longer supported, and the value is ignored.
Recommendation: remove package="com.finance.loanmanager" from the source AndroidManifest.xml: C:\Users\Administrator\Desktop\应用\Personal-financial-planning\app\src\main\AndroidManifest.xml.

> Task :app:processReleaseManifest
> Task :app:extractProguardFiles
> Task :app:mergeReleaseJniLibFolders
> Task :app:processReleaseManifestForPackage
> Task :app:mergeReleaseNativeLibs
> Task :app:mergeReleaseNativeLibs NO-SOURCE
> Task :app:stripReleaseDebugSymbols NO-SOURCE
> Task :app:extractReleaseNativeSymbolTables NO-SOURCE
> Task :app:mergeReleaseNativeDebugMetadata NO-SOURCE
> Task :app:desugarReleaseFileDependencies
> Task :app:mergeReleaseStartupProfile
> Task :app:checkReleaseDuplicateClasses
> Task :app:mergeReleaseArtProfile
> Task :app:mergeExtDexRelease
> Task :app:mergeReleaseShaders
> Task :app:compileReleaseShaders NO-SOURCE
> Task :app:generateReleaseAssets UP-TO-DATE
> Task :app:mergeReleaseAssets
> Task :app:compressReleaseAssets
> Task :app:extractReleaseVersionControlInfo
> Task :app:collectReleaseDependencies
> Task :app:sdkReleaseDependencyData
> Task :app:validateSigningRelease
> Task :app:writeReleaseAppMetadata
> Task :app:writeReleaseSigningConfigVersions
> Task :app:processReleaseResources

> Task :app:compileReleaseJavaWithJavac
gradle.bat : C:\Users\Administrator\Desktop\应用\Personal-financial-planning\app\
src\main\java\com\finance\loanmanager\data\entity\Loan.java:12: 警告: There are m
ultiple good constructors and Room will pick the no-arg constructor. You can us
e the @Ignore annotation to eliminate unwanted constructors.
所在位置 行:1 字符: 79
+ ... -planning"; & "C:\Users\Administrator\.gradle\wrapper\dists\gradle-8. ...
+                 ~~~~~~~~~~~~~~~~~~~~~~~~~~~~~~~~~~~~~~~~~~~~~~~~~~~~~~~~~
    + CategoryInfo          : NotSpecified: (C:\Users\Admini...d constructors. 
   :String) [], RemoteException
    + FullyQualifiedErrorId : NativeCommandError
 
public class Loan {
       ^
C:\Users\Administrator\Desktop\应用\Personal-financial-planning\app\src\main\java
\com\finance\loanmanager\data\entity\Payment.java:23: 警告: There are multiple go
od constructors and Room will pick the no-arg constructor. You can use the @Ign
ore annotation to eliminate unwanted constructors.
public class Payment {
       ^
C:\Users\Administrator\Desktop\应用\Personal-financial-planning\app\src\main\java
\com\finance\loanmanager\data\entity\Loan.java:12: 警告: There are multiple good 
constructors and Room will pick the no-arg constructor. You can use the @Ignore
 annotation to eliminate unwanted constructors.
public class Loan {
       ^
C:\Users\Administrator\Desktop\应用\Personal-financial-planning\app\src\main\java
\com\finance\loanmanager\data\entity\Loan.java:12: 警告: There are multiple good 
constructors and Room will pick the no-arg constructor. You can use the @Ignore
 annotation to eliminate unwanted constructors.
public class Loan {
       ^
C:\Users\Administrator\Desktop\应用\Personal-financial-planning\app\src\main\java
\com\finance\loanmanager\data\entity\Payment.java:23: 警告: There are multiple go
od constructors and Room will pick the no-arg constructor. You can use the @Ign
ore annotation to eliminate unwanted constructors.
public class Payment {
       ^
C:\Users\Administrator\Desktop\应用\Personal-financial-planning\app\src\main\java
\com\finance\loanmanager\data\entity\Payment.java:23: 警告: There are multiple go
od constructors and Room will pick the no-arg constructor. You can use the @Ign
ore annotation to eliminate unwanted constructors.
public class Payment {
       ^
6 个警告

> Task :app:generateReleaseLintVitalReportModel
> Task :app:lintVitalAnalyzeRelease
> Task :app:dexBuilderRelease
> Task :app:mergeReleaseGlobalSynthetics
> Task :app:processReleaseJavaRes
> Task :app:optimizeReleaseResources
> Task :app:mergeReleaseJavaResource
> Task :app:mergeDexRelease
> Task :app:compileReleaseArtProfile
> Task :app:packageRelease
> Task :app:createReleaseApkListingFileRedirect
> Task :app:lintVitalReportRelease
> Task :app:lintVitalRelease
> Task :app:assembleRelease

BUILD SUCCESSFUL in 3m 7s
46 actionable tasks: 46 executed
